// Jest Snapshot v1, https://goo.gl/fbAQLP

exports[`<Piece /> Matches snapshot 1`] = `
<Piece>
  <div
    className="piece square-undefined border-undefined symbol-undefined"
    onClick={null}
  >
    <span
      className="spancito"
    />
  </div>
</Piece>
`;
